// Jest Snapshot v1, https://goo.gl/fbAQLP

exports[`Queries Gets all fights 1`] = `
Object {
  "fights": Array [
    Object {
      "id": 1,
      "method": "fighting",
      "winner": "red",
    },
    Object {
      "id": 2,
      "method": "screaming",
      "winner": "blue",
    },
  ],
}
`;
